-- Automatically generated by SQLQueryTestSuite
-- Number of queries: 6


-- !query 0
select current_date = current_date(), current_timestamp = current_timestamp()
-- !query 0 schema
struct<(current_date() = current_date()):boolean,(current_timestamp() = current_timestamp()):boolean>
-- !query 0 output
true	true


-- !query 1
create temporary view ttf1 as select * from values
  (1, 2),
  (2, 3)
  as ttf1(current_date, current_timestamp)
-- !query 1 schema
struct<>
-- !query 1 output


-- !query 2
select current_date, current_timestamp from ttf1
-- !query 2 schema
struct<current_date:int,current_timestamp:int>
-- !query 2 output
1	2
2	3


-- !query 3
create temporary view ttf2 as select * from values
  (1, 2),
  (2, 3)
  as ttf2(a, b)
-- !query 3 schema
struct<>
-- !query 3 output


-- !query 4
select current_date = current_date(), current_timestamp = current_timestamp(), a, b from ttf2
-- !query 4 schema
struct<(current_date() = current_date()):boolean,(current_timestamp() = current_timestamp()):boolean,a:int,b:int>
-- !query 4 output
true	true	1	2
true	true	2	3


-- !query 5
select a, b from ttf2 order by a, current_date
-- !query 5 schema
struct<a:int,b:int>
-- !query 5 output
1	2
2	3
