-- Automatically generated by SQLQueryTestSuite
-- Number of queries: 15


-- !query 0
CREATE TABLE TIMESTAMP_TBL (d1 timestamp) USING parquet
-- !query 0 schema
struct<>
-- !query 0 output



-- !query 1
INSERT INTO TIMESTAMP_TBL VALUES ('1997-01-02')
-- !query 1 schema
struct<>
-- !query 1 output



-- !query 2
INSERT INTO TIMESTAMP_TBL VALUES ('1997-01-02 03:04:05')
-- !query 2 schema
struct<>
-- !query 2 output



-- !query 3
INSERT INTO TIMESTAMP_TBL VALUES ('1997-02-10 17:32:01-08')
-- !query 3 schema
struct<>
-- !query 3 output



-- !query 4
INSERT INTO TIMESTAMP_TBL VALUES ('2001-09-22T18:19:20')
-- !query 4 schema
struct<>
-- !query 4 output



-- !query 5
SELECT '' AS `64`, d1 FROM TIMESTAMP_TBL
-- !query 5 schema
struct<64:string,d1:timestamp>
-- !query 5 output
	1997-01-02 00:00:00
	1997-01-02 03:04:05
	1997-02-10 17:32:01
	2001-09-22 18:19:20


-- !query 6
SELECT '' AS `48`, d1 FROM TIMESTAMP_TBL
   WHERE d1 > timestamp '1997-01-02'
-- !query 6 schema
struct<48:string,d1:timestamp>
-- !query 6 output
	1997-01-02 03:04:05
	1997-02-10 17:32:01
	2001-09-22 18:19:20


-- !query 7
SELECT '' AS `15`, d1 FROM TIMESTAMP_TBL
   WHERE d1 < timestamp '1997-01-02'
-- !query 7 schema
struct<15:string,d1:timestamp>
-- !query 7 output



-- !query 8
SELECT '' AS one, d1 FROM TIMESTAMP_TBL
   WHERE d1 = timestamp '1997-01-02'
-- !query 8 schema
struct<one:string,d1:timestamp>
-- !query 8 output
	1997-01-02 00:00:00


-- !query 9
SELECT '' AS `63`, d1 FROM TIMESTAMP_TBL
   WHERE d1 != timestamp '1997-01-02'
-- !query 9 schema
struct<63:string,d1:timestamp>
-- !query 9 output
	1997-01-02 03:04:05
	1997-02-10 17:32:01
	2001-09-22 18:19:20


-- !query 10
SELECT '' AS `16`, d1 FROM TIMESTAMP_TBL
   WHERE d1 <= timestamp '1997-01-02'
-- !query 10 schema
struct<16:string,d1:timestamp>
-- !query 10 output
	1997-01-02 00:00:00


-- !query 11
SELECT '' AS `49`, d1 FROM TIMESTAMP_TBL
   WHERE d1 >= timestamp '1997-01-02'
-- !query 11 schema
struct<49:string,d1:timestamp>
-- !query 11 output
	1997-01-02 00:00:00
	1997-01-02 03:04:05
	1997-02-10 17:32:01
	2001-09-22 18:19:20


-- !query 12
SELECT '' AS date_trunc_week, date_trunc( 'week', timestamp '2004-02-29 15:44:17.71393' ) AS week_trunc
-- !query 12 schema
struct<date_trunc_week:string,week_trunc:timestamp>
-- !query 12 output
	2004-02-23 00:00:00


-- !query 13
SELECT make_timestamp(2014,12,28,6,30,45.887)
-- !query 13 schema
struct<make_timestamp(2014, 12, 28, 6, 30, CAST(45.887 AS DECIMAL(8,6))):timestamp>
-- !query 13 output
2014-12-28 06:30:45.887


-- !query 14
DROP TABLE TIMESTAMP_TBL
-- !query 14 schema
struct<>
-- !query 14 output

